{
  "description": "Synthetic 50-term ideal model; noiseless cutline CD targets",
  "seed": 20261007,
  "term_count": 50,
  "gauge_count": 4000,
  "input_image": "input_image.png",
  "input_decode": "uint16 / 65535.0",
  "image_shape": [
    320,
    320
  ],
  "input_sha256": "7531d84620756dfdb5a7a6b0281044652fe57c55f64d9620b0248ac2fb6c8f5f",
  "coordinates": "zero-based pixel centers; x=column, y=row; y increases downwards",
  "physical_pixel_size_nm": null,
  "cd_unit": "pixel",
  "s_unit": "pixel",
  "threshold": 0.05197407079453148,
  "threshold_rule": "0.5 * (uniform dark response + uniform bright response); fixed for all candidate weights",
  "sample_step_px": 0.25,
  "interpolation": "bilinear profile sampling; linear threshold crossing",
  "edge_rule": "exactly two crossings within cutline; otherwise raise ValueError",
  "noise_std_px": 0.0,
  "make_Ib": {
    "positive": "maximum(image-b,0)",
    "negative": "maximum(b-image,0)"
  },
  "model": "sum(c_i * maximum(fftconvolve(gradient_transform(Ib)**n,G,mode='same'),0)**(1/n))",
  "gradient": "k iterations of dx**2+dy**2 using np.gradient with pixel spacing=1",
  "gaussian": "normalized isotropic Gaussian; sigma=s pixels; radius=ceil(p*s); zero-padded convolution",
  "parameter_assumptions": "b in [0.15,0.85], k in {0,1}, n in {1,2}, s in [0.5,4], p=3; abs(c) in [0.02,0.08] for k=0, [0.5,2] for k=1; negative branch c<0",
  "terms": [
    {
      "term_id": 0,
      "sign": "positive",
      "b": 0.8320281879532441,
      "k": 0,
      "n": 1,
      "s": 3.681343288020802,
      "p": 3.0,
      "c": 0.03193534704958777
    },
    {
      "term_id": 1,
      "sign": "negative",
      "b": 0.45029608464512727,
      "k": 0,
      "n": 2,
      "s": 1.4438530169437527,
      "p": 3.0,
      "c": -0.03979460398925169
    },
    {
      "term_id": 2,
      "sign": "positive",
      "b": 0.31868795031073915,
      "k": 1,
      "n": 2,
      "s": 1.097172266823178,
      "p": 3.0,
      "c": 1.8311832103217875
    },
    {
      "term_id": 3,
      "sign": "negative",
      "b": 0.5845203348931782,
      "k": 1,
      "n": 1,
      "s": 3.9760074663877787,
      "p": 3.0,
      "c": -0.6044819845855429
    },
    {
      "term_id": 4,
      "sign": "positive",
      "b": 0.7333248643587174,
      "k": 0,
      "n": 2,
      "s": 3.9159501481078482,
      "p": 3.0,
      "c": 0.02992604346287169
    },
    {
      "term_id": 5,
      "sign": "negative",
      "b": 0.6032080666628675,
      "k": 0,
      "n": 1,
      "s": 0.5743514206573042,
      "p": 3.0,
      "c": -0.04322281799406839
    },
    {
      "term_id": 6,
      "sign": "positive",
      "b": 0.40751749122995873,
      "k": 1,
      "n": 2,
      "s": 0.5402231626333169,
      "p": 3.0,
      "c": 1.3273692580111898
    },
    {
      "term_id": 7,
      "sign": "negative",
      "b": 0.7868681451264063,
      "k": 1,
      "n": 2,
      "s": 1.342431303894025,
      "p": 3.0,
      "c": -1.9000518353714697
    },
    {
      "term_id": 8,
      "sign": "positive",
      "b": 0.3746833070333675,
      "k": 0,
      "n": 2,
      "s": 1.768182884659998,
      "p": 3.0,
      "c": 0.03594475077238098
    },
    {
      "term_id": 9,
      "sign": "negative",
      "b": 0.7893274848774752,
      "k": 0,
      "n": 2,
      "s": 3.7995849310659704,
      "p": 3.0,
      "c": -0.07374561680386309
    },
    {
      "term_id": 10,
      "sign": "positive",
      "b": 0.8031820854315701,
      "k": 1,
      "n": 1,
      "s": 3.4207805114148293,
      "p": 3.0,
      "c": 1.7629814705454314
    },
    {
      "term_id": 11,
      "sign": "negative",
      "b": 0.7650250584076519,
      "k": 1,
      "n": 1,
      "s": 0.8674776329352507,
      "p": 3.0,
      "c": -1.439454278441218
    },
    {
      "term_id": 12,
      "sign": "positive",
      "b": 0.17163389533941054,
      "k": 0,
      "n": 2,
      "s": 3.0678161736619685,
      "p": 3.0,
      "c": 0.05106828402937285
    },
    {
      "term_id": 13,
      "sign": "negative",
      "b": 0.4459611432579397,
      "k": 0,
      "n": 1,
      "s": 0.8644257326097362,
      "p": 3.0,
      "c": -0.07046722056766073
    },
    {
      "term_id": 14,
      "sign": "positive",
      "b": 0.7155078644027218,
      "k": 1,
      "n": 2,
      "s": 1.0218528313171364,
      "p": 3.0,
      "c": 1.0383421676744646
    },
    {
      "term_id": 15,
      "sign": "negative",
      "b": 0.6223017359895884,
      "k": 1,
      "n": 2,
      "s": 1.294497607913684,
      "p": 3.0,
      "c": -1.638300974222956
    },
    {
      "term_id": 16,
      "sign": "positive",
      "b": 0.5310357523116456,
      "k": 0,
      "n": 2,
      "s": 0.5267739011729851,
      "p": 3.0,
      "c": 0.05923545153207066
    },
    {
      "term_id": 17,
      "sign": "negative",
      "b": 0.2609882354603984,
      "k": 0,
      "n": 2,
      "s": 0.6207935611011051,
      "p": 3.0,
      "c": -0.020008497685792458
    },
    {
      "term_id": 18,
      "sign": "positive",
      "b": 0.8455274850322496,
      "k": 1,
      "n": 2,
      "s": 1.4801355133422829,
      "p": 3.0,
      "c": 1.812045696246905
    },
    {
      "term_id": 19,
      "sign": "negative",
      "b": 0.7330183410806399,
      "k": 1,
      "n": 2,
      "s": 0.871513327590822,
      "p": 3.0,
      "c": -0.6384902479504926
    },
    {
      "term_id": 20,
      "sign": "positive",
      "b": 0.8056525569962352,
      "k": 0,
      "n": 2,
      "s": 1.0184227329899618,
      "p": 3.0,
      "c": 0.05683858248436184
    },
    {
      "term_id": 21,
      "sign": "negative",
      "b": 0.5033886598618698,
      "k": 0,
      "n": 2,
      "s": 3.1002011756978263,
      "p": 3.0,
      "c": -0.04191500925872479
    },
    {
      "term_id": 22,
      "sign": "positive",
      "b": 0.18103984847205892,
      "k": 1,
      "n": 2,
      "s": 2.9927841626418794,
      "p": 3.0,
      "c": 1.8900222787695589
    },
    {
      "term_id": 23,
      "sign": "negative",
      "b": 0.3482043940872015,
      "k": 1,
      "n": 2,
      "s": 1.175926755275845,
      "p": 3.0,
      "c": -1.8333242206969764
    },
    {
      "term_id": 24,
      "sign": "positive",
      "b": 0.32967629182671315,
      "k": 0,
      "n": 1,
      "s": 1.7074860747433807,
      "p": 3.0,
      "c": 0.05413552011810607
    },
    {
      "term_id": 25,
      "sign": "negative",
      "b": 0.3325530231551463,
      "k": 0,
      "n": 2,
      "s": 2.0324211224266033,
      "p": 3.0,
      "c": -0.023019616288618705
    },
    {
      "term_id": 26,
      "sign": "positive",
      "b": 0.5996874924754668,
      "k": 1,
      "n": 2,
      "s": 2.795494177605205,
      "p": 3.0,
      "c": 0.7289081610489982
    },
    {
      "term_id": 27,
      "sign": "negative",
      "b": 0.32193218523450773,
      "k": 1,
      "n": 1,
      "s": 1.8470048652445743,
      "p": 3.0,
      "c": -1.0236355585858985
    },
    {
      "term_id": 28,
      "sign": "positive",
      "b": 0.2819098759263508,
      "k": 0,
      "n": 1,
      "s": 1.6741149535743427,
      "p": 3.0,
      "c": 0.07296722218557153
    },
    {
      "term_id": 29,
      "sign": "negative",
      "b": 0.2860990897723887,
      "k": 0,
      "n": 2,
      "s": 2.214857249723926,
      "p": 3.0,
      "c": -0.053233670824255085
    },
    {
      "term_id": 30,
      "sign": "positive",
      "b": 0.2707332486410288,
      "k": 1,
      "n": 1,
      "s": 0.9671530543324203,
      "p": 3.0,
      "c": 1.6624733659964086
    },
    {
      "term_id": 31,
      "sign": "negative",
      "b": 0.7440665927307819,
      "k": 1,
      "n": 1,
      "s": 3.048967548861105,
      "p": 3.0,
      "c": -1.7000919912341708
    },
    {
      "term_id": 32,
      "sign": "positive",
      "b": 0.1906553872162603,
      "k": 0,
      "n": 1,
      "s": 2.6188787147506436,
      "p": 3.0,
      "c": 0.04391842526848014
    },
    {
      "term_id": 33,
      "sign": "negative",
      "b": 0.2705387272652274,
      "k": 0,
      "n": 2,
      "s": 3.101836228755433,
      "p": 3.0,
      "c": -0.07571944324983121
    },
    {
      "term_id": 34,
      "sign": "positive",
      "b": 0.45436764000892965,
      "k": 1,
      "n": 1,
      "s": 3.381785206243485,
      "p": 3.0,
      "c": 1.427502937427693
    },
    {
      "term_id": 35,
      "sign": "negative",
      "b": 0.6157634036918098,
      "k": 1,
      "n": 1,
      "s": 0.711697224052027,
      "p": 3.0,
      "c": -1.7830750493868794
    },
    {
      "term_id": 36,
      "sign": "positive",
      "b": 0.16710606846326806,
      "k": 0,
      "n": 2,
      "s": 0.6965546217635934,
      "p": 3.0,
      "c": 0.054763890581674565
    },
    {
      "term_id": 37,
      "sign": "negative",
      "b": 0.424675855208271,
      "k": 0,
      "n": 2,
      "s": 1.199318546382215,
      "p": 3.0,
      "c": -0.06694914691198717
    },
    {
      "term_id": 38,
      "sign": "positive",
      "b": 0.8038638686666585,
      "k": 1,
      "n": 2,
      "s": 1.8689217570226635,
      "p": 3.0,
      "c": 1.9185112604886796
    },
    {
      "term_id": 39,
      "sign": "negative",
      "b": 0.7655906882814347,
      "k": 1,
      "n": 2,
      "s": 1.0357570465313946,
      "p": 3.0,
      "c": -1.2578767521675116
    },
    {
      "term_id": 40,
      "sign": "positive",
      "b": 0.4596881324920787,
      "k": 0,
      "n": 1,
      "s": 2.5664589639837097,
      "p": 3.0,
      "c": 0.07989651165969675
    },
    {
      "term_id": 41,
      "sign": "negative",
      "b": 0.7845189899770574,
      "k": 0,
      "n": 2,
      "s": 3.92971882050769,
      "p": 3.0,
      "c": -0.029829477677680728
    },
    {
      "term_id": 42,
      "sign": "positive",
      "b": 0.5410112126557833,
      "k": 1,
      "n": 2,
      "s": 2.844668164512652,
      "p": 3.0,
      "c": 0.5205226435317345
    },
    {
      "term_id": 43,
      "sign": "negative",
      "b": 0.7125592439945985,
      "k": 1,
      "n": 2,
      "s": 2.8668918656843956,
      "p": 3.0,
      "c": -1.132283520109368
    },
    {
      "term_id": 44,
      "sign": "positive",
      "b": 0.23800161622354893,
      "k": 0,
      "n": 2,
      "s": 0.7881989433947145,
      "p": 3.0,
      "c": 0.039922804891609515
    },
    {
      "term_id": 45,
      "sign": "negative",
      "b": 0.43600425056935804,
      "k": 0,
      "n": 1,
      "s": 3.738344367223133,
      "p": 3.0,
      "c": -0.07124792943321175
    },
    {
      "term_id": 46,
      "sign": "positive",
      "b": 0.3933845259847085,
      "k": 1,
      "n": 1,
      "s": 3.178186128264544,
      "p": 3.0,
      "c": 1.6017492158703994
    },
    {
      "term_id": 47,
      "sign": "negative",
      "b": 0.48041888626609247,
      "k": 1,
      "n": 1,
      "s": 2.4448437748024565,
      "p": 3.0,
      "c": -0.9815587263119023
    },
    {
      "term_id": 48,
      "sign": "positive",
      "b": 0.20066038056722596,
      "k": 0,
      "n": 1,
      "s": 3.629171296114791,
      "p": 3.0,
      "c": 0.062290521771562524
    },
    {
      "term_id": 49,
      "sign": "negative",
      "b": 0.26699969754217545,
      "k": 0,
      "n": 1,
      "s": 0.5681026444778179,
      "p": 3.0,
      "c": -0.07494511211132869
    }
  ]
}
